// Jest Snapshot v1, https://goo.gl/fbAQLP

exports[`toErrorString: arbitrary object 1`] = `"{"text":"anything","value":1}"`;

exports[`toErrorString: string 1`] = `"regular error"`;

exports[`toErrorString: undefined 1`] = `""`;
